
============================================================
Study: hparam_search
Storage: /mnt/dataDisk/0-active/Multi-LLMBO/BO_Multi_12_20/New_LLMBO/exp/optuna_results/hparam_search.db
Search space: narrow
Trials: 2
Budget/trial: 5 BO iterations
Preset: (none, default Config)
Existing trials: 11
============================================================


============================================================
Study complete: hparam_search
Best trial: #6
Best canonical_hv: 0.384835
Best params:
  acq_n_cand: 14
  acq_n_select: 1
  bo_n_random_init: 6
  bo_n_warmstart: 5
  gp_alpha_log: -5.250919762305275
  gp_kernel_nu: 2.5
  gp_n_restarts: 7
  llm_temperature: 0.6803345035229627
  mobo_eta: 0.08123957592679837
  mobo_n_weights: 20
Total trials: 13
============================================================
Best config saved to: /mnt/dataDisk/0-active/Multi-LLMBO/BO_Multi_12_20/New_LLMBO/exp/optuna_results/hparam_search/best_config.json
