[run] seed=8409 variant=baseline (Baseline) -> D:\Users\aa133\Desktop\BO_Multi_12_20\New_LLMBO\Ablation_Exp\experiment_records\llm_region_adaptive_v3_smoke_3seeds_20iter_deepseek_v3_2026_05_27\seed8409\baseline

Compiled modules for significant speedup can not be used!
https://pymoo.org/installation.html#installation

To disable this warning:
from pymoo.config import Config
Config.warnings['not_compiled'] = False

[run] seed=8409 variant=llm_region_adaptive (LLM_Region adaptive) -> D:\Users\aa133\Desktop\BO_Multi_12_20\New_LLMBO\Ablation_Exp\experiment_records\llm_region_adaptive_v3_smoke_3seeds_20iter_deepseek_v3_2026_05_27\seed8409\llm_region_adaptive
[run] seed=8409 variant=llm_region_adaptive_v3 (LLM_Region adaptive v3) -> D:\Users\aa133\Desktop\BO_Multi_12_20\New_LLMBO\Ablation_Exp\experiment_records\llm_region_adaptive_v3_smoke_3seeds_20iter_deepseek_v3_2026_05_27\seed8409\llm_region_adaptive_v3
[run] seed=8410 variant=baseline (Baseline) -> D:\Users\aa133\Desktop\BO_Multi_12_20\New_LLMBO\Ablation_Exp\experiment_records\llm_region_adaptive_v3_smoke_3seeds_20iter_deepseek_v3_2026_05_27\seed8410\baseline
[run] seed=8410 variant=llm_region_adaptive (LLM_Region adaptive) -> D:\Users\aa133\Desktop\BO_Multi_12_20\New_LLMBO\Ablation_Exp\experiment_records\llm_region_adaptive_v3_smoke_3seeds_20iter_deepseek_v3_2026_05_27\seed8410\llm_region_adaptive
[run] seed=8410 variant=llm_region_adaptive_v3 (LLM_Region adaptive v3) -> D:\Users\aa133\Desktop\BO_Multi_12_20\New_LLMBO\Ablation_Exp\experiment_records\llm_region_adaptive_v3_smoke_3seeds_20iter_deepseek_v3_2026_05_27\seed8410\llm_region_adaptive_v3
[run] seed=8411 variant=baseline (Baseline) -> D:\Users\aa133\Desktop\BO_Multi_12_20\New_LLMBO\Ablation_Exp\experiment_records\llm_region_adaptive_v3_smoke_3seeds_20iter_deepseek_v3_2026_05_27\seed8411\baseline
[run] seed=8411 variant=llm_region_adaptive (LLM_Region adaptive) -> D:\Users\aa133\Desktop\BO_Multi_12_20\New_LLMBO\Ablation_Exp\experiment_records\llm_region_adaptive_v3_smoke_3seeds_20iter_deepseek_v3_2026_05_27\seed8411\llm_region_adaptive
[run] seed=8411 variant=llm_region_adaptive_v3 (LLM_Region adaptive v3) -> D:\Users\aa133\Desktop\BO_Multi_12_20\New_LLMBO\Ablation_Exp\experiment_records\llm_region_adaptive_v3_smoke_3seeds_20iter_deepseek_v3_2026_05_27\seed8411\llm_region_adaptive_v3
{
  "event": "done",
  "output_root": "D:\\Users\\aa133\\Desktop\\BO_Multi_12_20\\New_LLMBO\\Ablation_Exp\\experiment_records\\llm_region_adaptive_v3_smoke_3seeds_20iter_deepseek_v3_2026_05_27",
  "report": "D:\\Users\\aa133\\Desktop\\BO_Multi_12_20\\New_LLMBO\\Ablation_Exp\\experiment_records\\llm_region_adaptive_v3_smoke_3seeds_20iter_deepseek_v3_2026_05_27\\report_5seeds.json",
  "plots": {
    "hv_box": {
      "png": "D:\\Users\\aa133\\Desktop\\BO_Multi_12_20\\New_LLMBO\\Ablation_Exp\\experiment_records\\llm_region_adaptive_v3_smoke_3seeds_20iter_deepseek_v3_2026_05_27\\images\\ablation_canonical_hv_box.png",
      "pdf": "D:\\Users\\aa133\\Desktop\\BO_Multi_12_20\\New_LLMBO\\Ablation_Exp\\experiment_records\\llm_region_adaptive_v3_smoke_3seeds_20iter_deepseek_v3_2026_05_27\\images\\ablation_canonical_hv_box.pdf"
    },
    "hv_convergence": {
      "png": "D:\\Users\\aa133\\Desktop\\BO_Multi_12_20\\New_LLMBO\\Ablation_Exp\\experiment_records\\llm_region_adaptive_v3_smoke_3seeds_20iter_deepseek_v3_2026_05_27\\images\\ablation_hv_convergence.png",
      "pdf": "D:\\Users\\aa133\\Desktop\\BO_Multi_12_20\\New_LLMBO\\Ablation_Exp\\experiment_records\\llm_region_adaptive_v3_smoke_3seeds_20iter_deepseek_v3_2026_05_27\\images\\ablation_hv_convergence.pdf"
    },
    "pareto_3d": {
      "png": "D:\\Users\\aa133\\Desktop\\BO_Multi_12_20\\New_LLMBO\\Ablation_Exp\\experiment_records\\llm_region_adaptive_v3_smoke_3seeds_20iter_deepseek_v3_2026_05_27\\images\\ablation_pareto_3d_all_seeds.png",
      "pdf": "D:\\Users\\aa133\\Desktop\\BO_Multi_12_20\\New_LLMBO\\Ablation_Exp\\experiment_records\\llm_region_adaptive_v3_smoke_3seeds_20iter_deepseek_v3_2026_05_27\\images\\ablation_pareto_3d_all_seeds.pdf"
    }
  }
}
