[run] seed=8409 variant=baseline_warmstart (WarmStart paired) -> D:\Users\aa133\Desktop\BO_Multi_12_20\New_LLMBO\Ablation_Exp\experiment_records\warmstart_vs_llmbo_paired_5seeds_50iter_deepseek_v3_2026_05_23\seed8409\baseline_warmstart

Compiled modules for significant speedup can not be used!
https://pymoo.org/installation.html#installation

To disable this warning:
from pymoo.config import Config
Config.warnings['not_compiled'] = False

[run] seed=8409 variant=llmbo_mo (WarmStart+LLM_Region adaptive paired) -> D:\Users\aa133\Desktop\BO_Multi_12_20\New_LLMBO\Ablation_Exp\experiment_records\warmstart_vs_llmbo_paired_5seeds_50iter_deepseek_v3_2026_05_23\seed8409\llmbo_mo
[run] seed=8410 variant=baseline_warmstart (WarmStart paired) -> D:\Users\aa133\Desktop\BO_Multi_12_20\New_LLMBO\Ablation_Exp\experiment_records\warmstart_vs_llmbo_paired_5seeds_50iter_deepseek_v3_2026_05_23\seed8410\baseline_warmstart
[run] seed=8410 variant=llmbo_mo (WarmStart+LLM_Region adaptive paired) -> D:\Users\aa133\Desktop\BO_Multi_12_20\New_LLMBO\Ablation_Exp\experiment_records\warmstart_vs_llmbo_paired_5seeds_50iter_deepseek_v3_2026_05_23\seed8410\llmbo_mo
[run] seed=8411 variant=baseline_warmstart (WarmStart paired) -> D:\Users\aa133\Desktop\BO_Multi_12_20\New_LLMBO\Ablation_Exp\experiment_records\warmstart_vs_llmbo_paired_5seeds_50iter_deepseek_v3_2026_05_23\seed8411\baseline_warmstart
[run] seed=8411 variant=llmbo_mo (WarmStart+LLM_Region adaptive paired) -> D:\Users\aa133\Desktop\BO_Multi_12_20\New_LLMBO\Ablation_Exp\experiment_records\warmstart_vs_llmbo_paired_5seeds_50iter_deepseek_v3_2026_05_23\seed8411\llmbo_mo
[run] seed=8412 variant=baseline_warmstart (WarmStart paired) -> D:\Users\aa133\Desktop\BO_Multi_12_20\New_LLMBO\Ablation_Exp\experiment_records\warmstart_vs_llmbo_paired_5seeds_50iter_deepseek_v3_2026_05_23\seed8412\baseline_warmstart
[run] seed=8412 variant=llmbo_mo (WarmStart+LLM_Region adaptive paired) -> D:\Users\aa133\Desktop\BO_Multi_12_20\New_LLMBO\Ablation_Exp\experiment_records\warmstart_vs_llmbo_paired_5seeds_50iter_deepseek_v3_2026_05_23\seed8412\llmbo_mo
[run] seed=8413 variant=baseline_warmstart (WarmStart paired) -> D:\Users\aa133\Desktop\BO_Multi_12_20\New_LLMBO\Ablation_Exp\experiment_records\warmstart_vs_llmbo_paired_5seeds_50iter_deepseek_v3_2026_05_23\seed8413\baseline_warmstart
[run] seed=8413 variant=llmbo_mo (WarmStart+LLM_Region adaptive paired) -> D:\Users\aa133\Desktop\BO_Multi_12_20\New_LLMBO\Ablation_Exp\experiment_records\warmstart_vs_llmbo_paired_5seeds_50iter_deepseek_v3_2026_05_23\seed8413\llmbo_mo
{
  "event": "done",
  "output_root": "D:\\Users\\aa133\\Desktop\\BO_Multi_12_20\\New_LLMBO\\Ablation_Exp\\experiment_records\\warmstart_vs_llmbo_paired_5seeds_50iter_deepseek_v3_2026_05_23",
  "report": "D:\\Users\\aa133\\Desktop\\BO_Multi_12_20\\New_LLMBO\\Ablation_Exp\\experiment_records\\warmstart_vs_llmbo_paired_5seeds_50iter_deepseek_v3_2026_05_23\\report_5seeds.json",
  "plots": {
    "hv_box": {
      "png": "D:\\Users\\aa133\\Desktop\\BO_Multi_12_20\\New_LLMBO\\Ablation_Exp\\experiment_records\\warmstart_vs_llmbo_paired_5seeds_50iter_deepseek_v3_2026_05_23\\images\\ablation_canonical_hv_box.png",
      "pdf": "D:\\Users\\aa133\\Desktop\\BO_Multi_12_20\\New_LLMBO\\Ablation_Exp\\experiment_records\\warmstart_vs_llmbo_paired_5seeds_50iter_deepseek_v3_2026_05_23\\images\\ablation_canonical_hv_box.pdf"
    },
    "hv_convergence": {
      "png": "D:\\Users\\aa133\\Desktop\\BO_Multi_12_20\\New_LLMBO\\Ablation_Exp\\experiment_records\\warmstart_vs_llmbo_paired_5seeds_50iter_deepseek_v3_2026_05_23\\images\\ablation_hv_convergence.png",
      "pdf": "D:\\Users\\aa133\\Desktop\\BO_Multi_12_20\\New_LLMBO\\Ablation_Exp\\experiment_records\\warmstart_vs_llmbo_paired_5seeds_50iter_deepseek_v3_2026_05_23\\images\\ablation_hv_convergence.pdf"
    },
    "pareto_3d": {
      "png": "D:\\Users\\aa133\\Desktop\\BO_Multi_12_20\\New_LLMBO\\Ablation_Exp\\experiment_records\\warmstart_vs_llmbo_paired_5seeds_50iter_deepseek_v3_2026_05_23\\images\\ablation_pareto_3d_all_seeds.png",
      "pdf": "D:\\Users\\aa133\\Desktop\\BO_Multi_12_20\\New_LLMBO\\Ablation_Exp\\experiment_records\\warmstart_vs_llmbo_paired_5seeds_50iter_deepseek_v3_2026_05_23\\images\\ablation_pareto_3d_all_seeds.pdf"
    }
  }
}
