[run] seed=0 variant=strict_baseline -> D:\Users\aa133\Desktop\BO_Multi_12_20\New_LLMBO\optimized_experiments\region_lift_v2_50iter_seed01234_2026_04_29\seed0\strict_baseline

Compiled modules for significant speedup can not be used!
https://pymoo.org/installation.html#installation

To disable this warning:
from pymoo.config import Config
Config.warnings['not_compiled'] = False

[run] seed=0 variant=warmstart_plain_ei -> D:\Users\aa133\Desktop\BO_Multi_12_20\New_LLMBO\optimized_experiments\region_lift_v2_50iter_seed01234_2026_04_29\seed0\warmstart_plain_ei
[run] seed=0 variant=warmstart_region_lifted_gp -> D:\Users\aa133\Desktop\BO_Multi_12_20\New_LLMBO\optimized_experiments\region_lift_v2_50iter_seed01234_2026_04_29\seed0\warmstart_region_lifted_gp
[run] seed=1 variant=strict_baseline -> D:\Users\aa133\Desktop\BO_Multi_12_20\New_LLMBO\optimized_experiments\region_lift_v2_50iter_seed01234_2026_04_29\seed1\strict_baseline
[run] seed=1 variant=warmstart_plain_ei -> D:\Users\aa133\Desktop\BO_Multi_12_20\New_LLMBO\optimized_experiments\region_lift_v2_50iter_seed01234_2026_04_29\seed1\warmstart_plain_ei
[run] seed=1 variant=warmstart_region_lifted_gp -> D:\Users\aa133\Desktop\BO_Multi_12_20\New_LLMBO\optimized_experiments\region_lift_v2_50iter_seed01234_2026_04_29\seed1\warmstart_region_lifted_gp
[run] seed=2 variant=strict_baseline -> D:\Users\aa133\Desktop\BO_Multi_12_20\New_LLMBO\optimized_experiments\region_lift_v2_50iter_seed01234_2026_04_29\seed2\strict_baseline
[run] seed=2 variant=warmstart_plain_ei -> D:\Users\aa133\Desktop\BO_Multi_12_20\New_LLMBO\optimized_experiments\region_lift_v2_50iter_seed01234_2026_04_29\seed2\warmstart_plain_ei
[run] seed=2 variant=warmstart_region_lifted_gp -> D:\Users\aa133\Desktop\BO_Multi_12_20\New_LLMBO\optimized_experiments\region_lift_v2_50iter_seed01234_2026_04_29\seed2\warmstart_region_lifted_gp
[run] seed=3 variant=strict_baseline -> D:\Users\aa133\Desktop\BO_Multi_12_20\New_LLMBO\optimized_experiments\region_lift_v2_50iter_seed01234_2026_04_29\seed3\strict_baseline
[run] seed=3 variant=warmstart_plain_ei -> D:\Users\aa133\Desktop\BO_Multi_12_20\New_LLMBO\optimized_experiments\region_lift_v2_50iter_seed01234_2026_04_29\seed3\warmstart_plain_ei
[run] seed=3 variant=warmstart_region_lifted_gp -> D:\Users\aa133\Desktop\BO_Multi_12_20\New_LLMBO\optimized_experiments\region_lift_v2_50iter_seed01234_2026_04_29\seed3\warmstart_region_lifted_gp
[run] seed=4 variant=strict_baseline -> D:\Users\aa133\Desktop\BO_Multi_12_20\New_LLMBO\optimized_experiments\region_lift_v2_50iter_seed01234_2026_04_29\seed4\strict_baseline
[run] seed=4 variant=warmstart_plain_ei -> D:\Users\aa133\Desktop\BO_Multi_12_20\New_LLMBO\optimized_experiments\region_lift_v2_50iter_seed01234_2026_04_29\seed4\warmstart_plain_ei
[run] seed=4 variant=warmstart_region_lifted_gp -> D:\Users\aa133\Desktop\BO_Multi_12_20\New_LLMBO\optimized_experiments\region_lift_v2_50iter_seed01234_2026_04_29\seed4\warmstart_region_lifted_gp
{
  "strict_baseline": {
    "n_runs": 5,
    "mean_canonical_hv": 0.38213235339299906,
    "median_canonical_hv": 0.38260666176488417,
    "worst_quartile_canonical_hv": 0.3793748359103269,
    "variance_canonical_hv": 1.8431211317875193e-05,
    "mean_display_hv": 0.9553308834824976,
    "mean_raw_hv": 11.244263568493002,
    "hv_violations_total": 0,
    "mean_lift_accept_rate": 0.0,
    "mean_effective_lift_accept_rate": 0.0,
    "effective_lift_accept_count_total": 0,
    "zero_shift_accept_count_total": 0,
    "fallback_distribution": {},
    "runs": [
      {
        "seed": 0,
        "variant": "strict_baseline",
        "status": "ok",
        "summary_path": "D:\\Users\\aa133\\Desktop\\BO_Multi_12_20\\New_LLMBO\\optimized_experiments\\region_lift_v2_50iter_seed01234_2026_04_29\\seed0\\strict_baseline\\summary.json",
        "display_hv": 0.9565166544122103,
        "canonical_hv": 0.38260666176488417,
        "hypervolume_raw": 11.258220116005571,
        "hv_violations": 0,
        "pareto_size": 47,
        "n_total": 106,
        "n_feasible": 106,
        "lift_accept_rate": 0.0,
        "effective_lift_accept_rate": 0.0,
        "effective_lift_accept_count": 0,
        "zero_shift_accept_count": 0,
        "fallback_distribution": {}
      },
      {
        "seed": 1,
        "variant": "strict_baseline",
        "status": "ok",
        "summary_path": "D:\\Users\\aa133\\Desktop\\BO_Multi_12_20\\New_LLMBO\\optimized_experiments\\region_lift_v2_50iter_seed01234_2026_04_29\\seed1\\strict_baseline\\summary.json",
        "display_hv": 0.9484370897758172,
        "canonical_hv": 0.3793748359103269,
        "hypervolume_raw": 11.16312347895443,
        "hv_violations": 0,
        "pareto_size": 44,
        "n_total": 106,
        "n_feasible": 106,
        "lift_accept_rate": 0.0,
        "effective_lift_accept_rate": 0.0,
        "effective_lift_accept_count": 0,
        "zero_shift_accept_count": 0,
        "fallback_distribution": {}
      },
      {
        "seed": 2,
        "variant": "strict_baseline",
        "status": "ok",
        "summary_path": "D:\\Users\\aa133\\Desktop\\BO_Multi_12_20\\New_LLMBO\\optimized_experiments\\region_lift_v2_50iter_seed01234_2026_04_29\\seed2\\strict_baseline\\summary.json",
        "display_hv": 0.9724263512881557,
        "canonical_hv": 0.3889705405152623,
        "hypervolume_raw": 11.44547756581797,
        "hv_violations": 0,
        "pareto_size": 40,
        "n_total": 106,
        "n_feasible": 106,
        "lift_accept_rate": 0.0,
        "effective_lift_accept_rate": 0.0,
        "effective_lift_accept_count": 0,
        "zero_shift_accept_count": 0,
        "fallback_distribution": {}
      },
      {
        "seed": 3,
        "variant": "strict_baseline",
        "status": "ok",
        "summary_path": "D:\\Users\\aa133\\Desktop\\BO_Multi_12_20\\New_LLMBO\\optimized_experiments\\region_lift_v2_50iter_seed01234_2026_04_29\\seed3\\strict_baseline\\summary.json",
        "display_hv": 0.9404188927555063,
        "canonical_hv": 0.3761675571022025,
        "hypervolume_raw": 11.068749139969572,
        "hv_violations": 0,
        "pareto_size": 49,
        "n_total": 106,
        "n_feasible": 106,
        "lift_accept_rate": 0.0,
        "effective_lift_accept_rate": 0.0,
        "effective_lift_accept_count": 0,
        "zero_shift_accept_count": 0,
        "fallback_distribution": {}
      },
      {
        "seed": 4,
        "variant": "strict_baseline",
        "status": "ok",
        "summary_path": "D:\\Users\\aa133\\Desktop\\BO_Multi_12_20\\New_LLMBO\\optimized_experiments\\region_lift_v2_50iter_seed01234_2026_04_29\\seed4\\strict_baseline\\summary.json",
        "display_hv": 0.9588554291807985,
        "canonical_hv": 0.3835421716723194,
        "hypervolume_raw": 11.285747541717468,
        "hv_violations": 0,
        "pareto_size": 47,
        "n_total": 106,
        "n_feasible": 106,
        "lift_accept_rate": 0.0,
        "effective_lift_accept_rate": 0.0,
        "effective_lift_accept_count": 0,
        "zero_shift_accept_count": 0,
        "fallback_distribution": {}
      }
    ]
  },
  "warmstart_plain_ei": {
    "n_runs": 5,
    "mean_canonical_hv": 0.37534123311809475,
    "median_canonical_hv": 0.37413178659365454,
    "worst_quartile_canonical_hv": 0.3735991099614837,
    "variance_canonical_hv": 2.146855799243558e-05,
    "mean_display_hv": 0.9383530827952369,
    "mean_raw_hv": 11.044434515500392,
    "hv_violations_total": 0,
    "mean_lift_accept_rate": 0.0,
    "mean_effective_lift_accept_rate": 0.0,
    "effective_lift_accept_count_total": 0,
    "zero_shift_accept_count_total": 0,
    "fallback_distribution": {},
    "runs": [
      {
        "seed": 0,
        "variant": "warmstart_plain_ei",
        "status": "ok",
        "summary_path": "D:\\Users\\aa133\\Desktop\\BO_Multi_12_20\\New_LLMBO\\optimized_experiments\\region_lift_v2_50iter_seed01234_2026_04_29\\seed0\\warmstart_plain_ei\\summary.json",
        "display_hv": 0.9339977749037093,
        "canonical_hv": 0.3735991099614837,
        "hypervolume_raw": 10.99317245467833,
        "hv_violations": 0,
        "pareto_size": 45,
        "n_total": 106,
        "n_feasible": 106,
        "lift_accept_rate": 0.0,
        "effective_lift_accept_rate": 0.0,
        "effective_lift_accept_count": 0,
        "zero_shift_accept_count": 0,
        "fallback_distribution": {}
      },
      {
        "seed": 1,
        "variant": "warmstart_plain_ei",
        "status": "ok",
        "summary_path": "D:\\Users\\aa133\\Desktop\\BO_Multi_12_20\\New_LLMBO\\optimized_experiments\\region_lift_v2_50iter_seed01234_2026_04_29\\seed1\\warmstart_plain_ei\\summary.json",
        "display_hv": 0.9454067254411709,
        "canonical_hv": 0.37816269017646836,
        "hypervolume_raw": 11.127456030244815,
        "hv_violations": 0,
        "pareto_size": 50,
        "n_total": 106,
        "n_feasible": 106,
        "lift_accept_rate": 0.0,
        "effective_lift_accept_rate": 0.0,
        "effective_lift_accept_count": 0,
        "zero_shift_accept_count": 0,
        "fallback_distribution": {}
      },
      {
        "seed": 2,
        "variant": "warmstart_plain_ei",
        "status": "ok",
        "summary_path": "D:\\Users\\aa133\\Desktop\\BO_Multi_12_20\\New_LLMBO\\optimized_experiments\\region_lift_v2_50iter_seed01234_2026_04_29\\seed2\\warmstart_plain_ei\\summary.json",
        "display_hv": 0.9212969155977866,
        "canonical_hv": 0.36851876623911467,
        "hypervolume_raw": 10.843683087118533,
        "hv_violations": 0,
        "pareto_size": 49,
        "n_total": 106,
        "n_feasible": 106,
        "lift_accept_rate": 0.0,
        "effective_lift_accept_rate": 0.0,
        "effective_lift_accept_count": 0,
        "zero_shift_accept_count": 0,
        "fallback_distribution": {}
      },
      {
        "seed": 3,
        "variant": "warmstart_plain_ei",
        "status": "ok",
        "summary_path": "D:\\Users\\aa133\\Desktop\\BO_Multi_12_20\\New_LLMBO\\optimized_experiments\\region_lift_v2_50iter_seed01234_2026_04_29\\seed3\\warmstart_plain_ei\\summary.json",
        "display_hv": 0.955734531549381,
        "canonical_hv": 0.3822938126197524,
        "hypervolume_raw": 11.24901451429767,
        "hv_violations": 0,
        "pareto_size": 52,
        "n_total": 106,
        "n_feasible": 106,
        "lift_accept_rate": 0.0,
        "effective_lift_accept_rate": 0.0,
        "effective_lift_accept_count": 0,
        "zero_shift_accept_count": 0,
        "fallback_distribution": {}
      },
      {
        "seed": 4,
        "variant": "warmstart_plain_ei",
        "status": "ok",
        "summary_path": "D:\\Users\\aa133\\Desktop\\BO_Multi_12_20\\New_LLMBO\\optimized_experiments\\region_lift_v2_50iter_seed01234_2026_04_29\\seed4\\warmstart_plain_ei\\summary.json",
        "display_hv": 0.9353294664841363,
        "canonical_hv": 0.37413178659365454,
        "hypervolume_raw": 11.008846491162611,
        "hv_violations": 0,
        "pareto_size": 51,
        "n_total": 106,
        "n_feasible": 106,
        "lift_accept_rate": 0.0,
        "effective_lift_accept_rate": 0.0,
        "effective_lift_accept_count": 0,
        "zero_shift_accept_count": 0,
        "fallback_distribution": {}
      }
    ]
  },
  "warmstart_region_lifted_gp": {
    "n_runs": 5,
    "mean_canonical_hv": 0.37534123311809475,
    "median_canonical_hv": 0.37413178659365454,
    "worst_quartile_canonical_hv": 0.3735991099614837,
    "variance_canonical_hv": 2.146855799243558e-05,
    "mean_display_hv": 0.9383530827952369,
    "mean_raw_hv": 11.044434515500392,
    "hv_violations_total": 0,
    "mean_lift_accept_rate": 0.0,
    "mean_effective_lift_accept_rate": 0.0,
    "effective_lift_accept_count_total": 0,
    "zero_shift_accept_count_total": 0,
    "fallback_distribution": {
      "bad_region_volume": 25,
      "active_until_expired": 225
    },
    "runs": [
      {
        "seed": 0,
        "variant": "warmstart_region_lifted_gp",
        "status": "ok",
        "summary_path": "D:\\Users\\aa133\\Desktop\\BO_Multi_12_20\\New_LLMBO\\optimized_experiments\\region_lift_v2_50iter_seed01234_2026_04_29\\seed0\\warmstart_region_lifted_gp\\summary.json",
        "display_hv": 0.9339977749037093,
        "canonical_hv": 0.3735991099614837,
        "hypervolume_raw": 10.99317245467833,
        "hv_violations": 0,
        "pareto_size": 45,
        "n_total": 106,
        "n_feasible": 106,
        "lift_accept_rate": 0.0,
        "effective_lift_accept_rate": 0.0,
        "effective_lift_accept_count": 0,
        "zero_shift_accept_count": 0,
        "fallback_distribution": {
          "bad_region_volume": 5,
          "active_until_expired": 45
        }
      },
      {
        "seed": 1,
        "variant": "warmstart_region_lifted_gp",
        "status": "ok",
        "summary_path": "D:\\Users\\aa133\\Desktop\\BO_Multi_12_20\\New_LLMBO\\optimized_experiments\\region_lift_v2_50iter_seed01234_2026_04_29\\seed1\\warmstart_region_lifted_gp\\summary.json",
        "display_hv": 0.9454067254411709,
        "canonical_hv": 0.37816269017646836,
        "hypervolume_raw": 11.127456030244815,
        "hv_violations": 0,
        "pareto_size": 50,
        "n_total": 106,
        "n_feasible": 106,
        "lift_accept_rate": 0.0,
        "effective_lift_accept_rate": 0.0,
        "effective_lift_accept_count": 0,
        "zero_shift_accept_count": 0,
        "fallback_distribution": {
          "bad_region_volume": 5,
          "active_until_expired": 45
        }
      },
      {
        "seed": 2,
        "variant": "warmstart_region_lifted_gp",
        "status": "ok",
        "summary_path": "D:\\Users\\aa133\\Desktop\\BO_Multi_12_20\\New_LLMBO\\optimized_experiments\\region_lift_v2_50iter_seed01234_2026_04_29\\seed2\\warmstart_region_lifted_gp\\summary.json",
        "display_hv": 0.9212969155977866,
        "canonical_hv": 0.36851876623911467,
        "hypervolume_raw": 10.843683087118533,
        "hv_violations": 0,
        "pareto_size": 49,
        "n_total": 106,
        "n_feasible": 106,
        "lift_accept_rate": 0.0,
        "effective_lift_accept_rate": 0.0,
        "effective_lift_accept_count": 0,
        "zero_shift_accept_count": 0,
        "fallback_distribution": {
          "bad_region_volume": 5,
          "active_until_expired": 45
        }
      },
      {
        "seed": 3,
        "variant": "warmstart_region_lifted_gp",
        "status": "ok",
        "summary_path": "D:\\Users\\aa133\\Desktop\\BO_Multi_12_20\\New_LLMBO\\optimized_experiments\\region_lift_v2_50iter_seed01234_2026_04_29\\seed3\\warmstart_region_lifted_gp\\summary.json",
        "display_hv": 0.955734531549381,
        "canonical_hv": 0.3822938126197524,
        "hypervolume_raw": 11.24901451429767,
        "hv_violations": 0,
        "pareto_size": 52,
        "n_total": 106,
        "n_feasible": 106,
        "lift_accept_rate": 0.0,
        "effective_lift_accept_rate": 0.0,
        "effective_lift_accept_count": 0,
        "zero_shift_accept_count": 0,
        "fallback_distribution": {
          "bad_region_volume": 5,
          "active_until_expired": 45
        }
      },
      {
        "seed": 4,
        "variant": "warmstart_region_lifted_gp",
        "status": "ok",
        "summary_path": "D:\\Users\\aa133\\Desktop\\BO_Multi_12_20\\New_LLMBO\\optimized_experiments\\region_lift_v2_50iter_seed01234_2026_04_29\\seed4\\warmstart_region_lifted_gp\\summary.json",
        "display_hv": 0.9353294664841363,
        "canonical_hv": 0.37413178659365454,
        "hypervolume_raw": 11.008846491162611,
        "hv_violations": 0,
        "pareto_size": 51,
        "n_total": 106,
        "n_feasible": 106,
        "lift_accept_rate": 0.0,
        "effective_lift_accept_rate": 0.0,
        "effective_lift_accept_count": 0,
        "zero_shift_accept_count": 0,
        "fallback_distribution": {
          "bad_region_volume": 5,
          "active_until_expired": 45
        }
      }
    ]
  }
}
